[renewpower.in/index.html]
[www.google-analytics.com/analytics.js]
[ajax.googleapis.com/ajax/libs/jquery/1.12.0/jquery.min.js]
[backblue.gif]
[fade.gif]
[index.html]
[renewpower.in/feed/index.html]
[renewpower.in/comments/feed/index.html]
[renewpower.in/wp-includes/js/jquery/jquery-migrate.mind617.js]
[renewpower.in/wp-content/plugins/modern-events-calendar-lite/assets/js/frontendc7bd.js]
[renewpower.in/wp-content/plugins/modern-events-calendar-lite/assets/js/eventsc7bd.js]
[renewpower.in/wp-content/plugins/LayerSlider/static/layerslider/js/greensockb3a6.js]
[renewpower.in/wp-content/plugins/LayerSlider/static/layerslider/js/layerslider.kreaturamedia.jquery36ec.js]
[renewpower.in/wp-content/plugins/LayerSlider/static/layerslider/js/layerslider.transitions36ec.js]
[renewpower.in/wp-content/plugins/revslider/public/assets/js/rbtools.minb7f2.js]
[renewpower.in/wp-content/plugins/revslider/public/assets/js/rs6.mine434.js]
[renewpower.in/wp-content/themes/dt-the7/js/above-the-fold.min3b45.js]
[renewpower.in/wp-content/plugins/Ultimate_VC_Addons/assets/min-js/ultimate-params.min67e3.js]
[renewpower.in/wp-content/plugins/Ultimate_VC_Addons/assets/min-js/jquery-appear.min67e3.js]
[renewpower.in/wp-content/plugins/Ultimate_VC_Addons/assets/min-js/custom.min67e3.js]
[renewpower.in/wp-content/plugins/Ultimate_VC_Addons/assets/min-js/headings.min67e3.js]
[renewpower.in/wp-content/plugins/Ultimate_VC_Addons/assets/min-js/info-banner.min67e3.js]
[renewpower.in/wp-json/wp/v2/pages/52.json]
[renewpower.in/wp-json/index.html]
[renewpower.in/xmlrpc0db0.php]
[renewpower.in/wp-includes/wlwmanifest.xml]
[renewpower.in/wp-json/oembed/1.0/embed8482.json]
[renewpower.in/wp-json/oembed/1.0/embed84e0]
[renewpower.in/wp-content/uploads/2021/05/favicon.png]
[renewpower.in/wp-content/uploads/2021/06/award.png]
[renewpower.in/wp-content/uploads/2021/05/renew_new_logo.png]
[renewpower.in/receee/index.html]
[renewpower.in/wp-content/uploads/2022/09/Press-Release-Amazon-announces-its-first-utility-scale-renewable-energy-projects-in-India-1.pdf]
[renewpower.in/index.html]
[renewpower.in/wp-content/plugins/modern-events-calendar-lite/assets/packages/select2/select2.minc7bd.css]
[renewpower.in/wp-content/plugins/modern-events-calendar-lite/assets/css/iconfonts1eb7.css]
[renewpower.in/wp-content/plugins/modern-events-calendar-lite/assets/css/frontend.minc7bd.css]
[renewpower.in/wp-content/plugins/modern-events-calendar-lite/assets/packages/tooltip/tooltip1eb7.css]
[renewpower.in/wp-content/plugins/modern-events-calendar-lite/assets/packages/tooltip/tooltipster-sideTip-shadow.min1eb7.css]
[renewpower.in/wp-content/plugins/modern-events-calendar-lite/assets/packages/featherlight/featherlight1eb7.css]
[renewpower.in/wp-content/plugins/modern-events-calendar-lite/assets/packages/lity/lity.min1eb7.css]
[renewpower.in/wp-content/plugins/LayerSlider/static/layerslider/css/layerslider36ec.css]
[renewpower.in/wp-includes/css/dist/block-library/style.min1eb7.css]
[renewpower.in/wp-content/plugins/contact-form-7/includes/css/stylesc225.css]
[renewpower.in/wp-content/plugins/recent-tweets-widget/tp_twitter_plugin5152.css]
[renewpower.in/wp-content/plugins/revslider/public/assets/css/rs6e434.css]
[renewpower.in/wp-content/plugins/js_composer/assets/css/js_composer.minfb18.css]
[renewpower.in/wp-content/themes/dt-the7/css/main.min3b45.css]
[renewpower.in/wp-content/themes/dt-the7/fonts/icomoon-the7-font/icomoon-the7-font.min3b45.css]
[renewpower.in/wp-content/themes/dt-the7/lib/custom-scrollbar/custom-scrollbar.min3b45.css]
[renewpower.in/wp-content/themes/dt-the7/css/wpbakery.min3b45.css]
[renewpower.in/wp-content/plugins/dt-the7-core/assets/css/post-type.min355d.css]
[renewpower.in/wp-content/uploads/the7-css/css-varsa6a7.css]
[renewpower.in/wp-content/uploads/the7-css/customa6a7.css]
[renewpower.in/wp-content/uploads/the7-css/mediaa6a7.css]
[renewpower.in/wp-content/uploads/the7-css/mega-menua6a7.css]
[renewpower.in/wp-content/uploads/the7-css/the7-elements-albums-portfolioa6a7.css]
[renewpower.in/wp-content/uploads/the7-css/post-type-dynamica6a7.css]
[renewpower.in/wp-content/themes/dt-the7/style3b45.css]
[renewpower.in/wp-content/themes/dt-the7/css/compatibility/elementor/elementor-global.min3b45.css]
[renewpower.in/wp-content/plugins/Ultimate_VC_Addons/assets/min-css/style.min67e3.css]
[renewpower.in/wp-content/plugins/Ultimate_VC_Addons/assets/min-css/headings.min67e3.css]
[renewpower.in/wp-content/plugins/Ultimate_VC_Addons/assets/min-css/ihover.min67e3.css]
[renewpower.in/wp-content/plugins/Ultimate_VC_Addons/assets/min-css/animate.min67e3.css]
[renewpower.in/wp-content/plugins/Ultimate_VC_Addons/assets/min-css/info-box.min67e3.css]
[renewpower.in/wp-content/plugins/Ultimate_VC_Addons/assets/min-css/info-banner.min67e3.css]
[renewpower.in/resources/index.html]
[renewpower.in/resources/index.html]
[renewpower.in/receee/index.html]
[renewpower.in/podcast/index.html]
[renewpower.in/podcast/index.html]
